Archive member included to satisfy reference by file (symbol)

/usr/lib64/libc_nonshared.a(elf-init.oS)
                              /usr/lib/gcc/x86_64-redhat-linux/7/../../../../lib64/crt1.o (__libc_csu_init)
/usr/lib64/libc_nonshared.a(stat64.oS)
                              /tmp/ccBUPclX.o (stat64)

Allocating common symbols
Common symbol       size              file

s_AsyncFDs          0x80              /tmp/ccBUPclX.o
s_FirstAsyncBuf     0x8               /tmp/ccBUPclX.o
s_CurrentBuf        0x8               /tmp/ccBUPclX.o
s_NextColourPair    0x2               /tmp/ccBUPclX.o

Discarded input sections

 .note.GNU-stack
                0x0000000000000000        0x0 /usr/lib/gcc/x86_64-redhat-linux/7/../../../../lib64/crt1.o
 .note.GNU-stack
                0x0000000000000000        0x0 /usr/lib/gcc/x86_64-redhat-linux/7/../../../../lib64/crti.o
 .note.GNU-stack
                0x0000000000000000        0x0 /usr/lib/gcc/x86_64-redhat-linux/7/crtbegin.o
 .note.GNU-stack
                0x0000000000000000        0x0 /tmp/ccBUPclX.o
 .note.GNU-stack
                0x0000000000000000        0x0 /usr/lib64/libc_nonshared.a(elf-init.oS)
 .note.GNU-stack
                0x0000000000000000        0x0 /usr/lib64/libc_nonshared.a(stat64.oS)
 .note.GNU-stack
                0x0000000000000000        0x0 /usr/lib/gcc/x86_64-redhat-linux/7/crtend.o
 .note.GNU-stack
                0x0000000000000000        0x0 /usr/lib/gcc/x86_64-redhat-linux/7/../../../../lib64/crtn.o

Memory Configuration

Name             Origin             Length             Attributes
*default*        0x0000000000000000 0xffffffffffffffff

Linker script and memory map

LOAD /usr/lib/gcc/x86_64-redhat-linux/7/../../../../lib64/crt1.o
LOAD /usr/lib/gcc/x86_64-redhat-linux/7/../../../../lib64/crti.o
LOAD /usr/lib/gcc/x86_64-redhat-linux/7/crtbegin.o
LOAD /tmp/ccBUPclX.o
LOAD /usr/lib/gcc/x86_64-redhat-linux/7/../../../../lib64/libncursesw.so
LOAD /usr/lib/gcc/x86_64-redhat-linux/7/../../../../lib64/libncursesw.so.6
LOAD /usr/lib/gcc/x86_64-redhat-linux/7/../../../../lib64/libtinfo.so
LOAD /usr/lib/gcc/x86_64-redhat-linux/7/../../../../lib64/libncurses.so
LOAD /usr/lib/gcc/x86_64-redhat-linux/7/../../../../lib64/libncurses.so.6
LOAD /usr/lib/gcc/x86_64-redhat-linux/7/../../../../lib64/libtinfo.so
LOAD /usr/lib/gcc/x86_64-redhat-linux/7/libgcc_s.so
LOAD /usr/lib/gcc/x86_64-redhat-linux/7/libgcc.a
LOAD /usr/lib/gcc/x86_64-redhat-linux/7/libgcc_s.so
LOAD /usr/lib/gcc/x86_64-redhat-linux/7/../../../../lib64/libc.so
START GROUP
LOAD /lib64/libc.so.6
LOAD /usr/lib64/libc_nonshared.a
LOAD /lib64/ld-linux-x86-64.so.2
END GROUP
LOAD /usr/lib/gcc/x86_64-redhat-linux/7/libgcc.a
LOAD /usr/lib/gcc/x86_64-redhat-linux/7/libgcc_s.so
LOAD /usr/lib/gcc/x86_64-redhat-linux/7/crtend.o
LOAD /usr/lib/gcc/x86_64-redhat-linux/7/../../../../lib64/crtn.o
                [!provide]                        PROVIDE (__executable_start, SEGMENT_START ("text-segment", 0x400000))
                0x0000000000400238                . = (SEGMENT_START ("text-segment", 0x400000) + SIZEOF_HEADERS)

.interp         0x0000000000400238       0x1c
 *(.interp)
 .interp        0x0000000000400238       0x1c /usr/lib/gcc/x86_64-redhat-linux/7/../../../../lib64/crt1.o

.note.ABI-tag   0x0000000000400254       0x20
 .note.ABI-tag  0x0000000000400254       0x20 /usr/lib/gcc/x86_64-redhat-linux/7/../../../../lib64/crt1.o

.note.gnu.build-id
                0x0000000000400274       0x24
 *(.note.gnu.build-id)
 .note.gnu.build-id
                0x0000000000400274       0x24 /usr/lib/gcc/x86_64-redhat-linux/7/../../../../lib64/crt1.o

.hash
 *(.hash)

.gnu.hash       0x0000000000400298       0x4c
 *(.gnu.hash)
 .gnu.hash      0x0000000000400298       0x4c /usr/lib/gcc/x86_64-redhat-linux/7/../../../../lib64/crt1.o

.dynsym         0x00000000004002e8      0xcf0
 *(.dynsym)
 .dynsym        0x00000000004002e8      0xcf0 /usr/lib/gcc/x86_64-redhat-linux/7/../../../../lib64/crt1.o

.dynstr         0x0000000000400fd8      0x49a
 *(.dynstr)
 .dynstr        0x0000000000400fd8      0x49a /usr/lib/gcc/x86_64-redhat-linux/7/../../../../lib64/crt1.o

.gnu.version    0x0000000000401472      0x114
 *(.gnu.version)
 .gnu.version   0x0000000000401472      0x114 /usr/lib/gcc/x86_64-redhat-linux/7/../../../../lib64/crt1.o

.gnu.version_d  0x0000000000401588        0x0
 *(.gnu.version_d)
 .gnu.version_d
                0x0000000000401588        0x0 /usr/lib/gcc/x86_64-redhat-linux/7/../../../../lib64/crt1.o

.gnu.version_r  0x0000000000401588       0x50
 *(.gnu.version_r)
 .gnu.version_r
                0x0000000000401588       0x50 /usr/lib/gcc/x86_64-redhat-linux/7/../../../../lib64/crt1.o

.rela.dyn       0x00000000004015d8       0xa8
 *(.rela.init)
 *(.rela.text .rela.text.* .rela.gnu.linkonce.t.*)
 .rela.text     0x00000000004015d8        0x0 /usr/lib/gcc/x86_64-redhat-linux/7/../../../../lib64/crt1.o
 *(.rela.fini)
 *(.rela.rodata .rela.rodata.* .rela.gnu.linkonce.r.*)
 *(.rela.data .rela.data.* .rela.gnu.linkonce.d.*)
 .rela.data.rel.ro
                0x00000000004015d8        0x0 /usr/lib/gcc/x86_64-redhat-linux/7/../../../../lib64/crt1.o
 *(.rela.tdata .rela.tdata.* .rela.gnu.linkonce.td.*)
 *(.rela.tbss .rela.tbss.* .rela.gnu.linkonce.tb.*)
 *(.rela.ctors)
 *(.rela.dtors)
 *(.rela.got)
 .rela.got      0x00000000004015d8       0x30 /usr/lib/gcc/x86_64-redhat-linux/7/../../../../lib64/crt1.o
 *(.rela.bss .rela.bss.* .rela.gnu.linkonce.b.*)
 .rela.bss      0x0000000000401608       0x78 /usr/lib/gcc/x86_64-redhat-linux/7/../../../../lib64/crt1.o
 *(.rela.ldata .rela.ldata.* .rela.gnu.linkonce.l.*)
 *(.rela.lbss .rela.lbss.* .rela.gnu.linkonce.lb.*)
 *(.rela.lrodata .rela.lrodata.* .rela.gnu.linkonce.lr.*)
 *(.rela.ifunc)

.rela.plt       0x0000000000401680      0xbb8
 *(.rela.plt)
 .rela.plt      0x0000000000401680      0xbb8 /usr/lib/gcc/x86_64-redhat-linux/7/../../../../lib64/crt1.o
                [!provide]                        PROVIDE (__rela_iplt_start, .)
 *(.rela.iplt)
 .rela.iplt     0x0000000000402238        0x0 /usr/lib/gcc/x86_64-redhat-linux/7/../../../../lib64/crt1.o
                [!provide]                        PROVIDE (__rela_iplt_end, .)

.init           0x0000000000402238       0x17
 *(SORT(.init))
 .init          0x0000000000402238       0x12 /usr/lib/gcc/x86_64-redhat-linux/7/../../../../lib64/crti.o
                0x0000000000402238                _init
 .init          0x000000000040224a        0x5 /usr/lib/gcc/x86_64-redhat-linux/7/../../../../lib64/crtn.o

.plt            0x0000000000402250      0x7e0
 *(.plt)
 .plt           0x0000000000402250      0x7e0 /usr/lib/gcc/x86_64-redhat-linux/7/../../../../lib64/crt1.o
                0x0000000000402260                getenv@@GLIBC_2.2.5
                0x0000000000402270                free@@GLIBC_2.2.5
                0x0000000000402280                localtime@@GLIBC_2.2.5
                0x0000000000402290                mblen@@GLIBC_2.2.5
                0x00000000004022a0                __errno_location@@GLIBC_2.2.5
                0x00000000004022b0                unlink@@GLIBC_2.2.5
                0x00000000004022c0                strncpy@@GLIBC_2.2.5
                0x00000000004022d0                clearok
                0x00000000004022e0                strcpy@@GLIBC_2.2.5
                0x00000000004022f0                sigrelse@@GLIBC_2.2.5
                0x0000000000402300                mkdir@@GLIBC_2.2.5
                0x0000000000402310                toupper@@GLIBC_2.2.5
                0x0000000000402320                isatty@@GLIBC_2.2.5
                0x0000000000402330                wattr_on
                0x0000000000402340                waddch
                0x0000000000402350                vsnprintf@@GLIBC_2.2.5
                0x0000000000402360                mbstowcs@@GLIBC_2.2.5
                0x0000000000402370                clock_gettime@@GLIBC_2.17
                0x0000000000402380                setenv@@GLIBC_2.2.5
                0x0000000000402390                write@@GLIBC_2.2.5
                0x00000000004023a0                getpid@@GLIBC_2.2.5
                0x00000000004023b0                curses_version
                0x00000000004023c0                fgetwc@@GLIBC_2.2.5
                0x00000000004023d0                wattrset
                0x00000000004023e0                fclose@@GLIBC_2.2.5
                0x00000000004023f0                __xstat64@@GLIBC_2.2.5
                0x0000000000402400                opendir@@GLIBC_2.2.5
                0x0000000000402410                waddnwstr
                0x0000000000402420                mousemask
                0x0000000000402430                wdelch
                0x0000000000402440                rmdir@@GLIBC_2.2.5
                0x0000000000402450                regfree@@GLIBC_2.2.5
                0x0000000000402460                __ctype_get_mb_cur_max@@GLIBC_2.2.5
                0x0000000000402470                wclrtoeol
                0x0000000000402480                strlen@@GLIBC_2.2.5
                0x0000000000402490                init_pair
                0x00000000004024a0                system@@GLIBC_2.2.5
                0x00000000004024b0                dup2@@GLIBC_2.2.5
                0x00000000004024c0                wrefresh
                0x00000000004024d0                strchr@@GLIBC_2.2.5
                0x00000000004024e0                printf@@GLIBC_2.2.5
                0x00000000004024f0                keypad
                0x0000000000402500                initscr
                0x0000000000402510                raw
                0x0000000000402520                wcslen@@GLIBC_2.2.5
                0x0000000000402530                pclose@@GLIBC_2.2.5
                0x0000000000402540                strrchr@@GLIBC_2.2.5
                0x0000000000402550                mallinfo@@GLIBC_2.2.5
                0x0000000000402560                winsch
                0x0000000000402570                fputs@@GLIBC_2.2.5
                0x0000000000402580                start_color
                0x0000000000402590                strtof@@GLIBC_2.2.5
                0x00000000004025a0                memset@@GLIBC_2.2.5
                0x00000000004025b0                strncat@@GLIBC_2.2.5
                0x00000000004025c0                fgetc@@GLIBC_2.2.5
                0x00000000004025d0                close@@GLIBC_2.2.5
                0x00000000004025e0                wsetscrreg
                0x00000000004025f0                wmemset@@GLIBC_2.2.5
                0x0000000000402600                pipe@@GLIBC_2.2.5
                0x0000000000402610                closedir@@GLIBC_2.2.5
                0x0000000000402620                regcomp@@GLIBC_2.2.5
                0x0000000000402630                fputc@@GLIBC_2.2.5
                0x0000000000402640                strcspn@@GLIBC_2.2.5
                0x0000000000402650                memchr@@GLIBC_2.2.5
                0x0000000000402660                read@@GLIBC_2.2.5
                0x0000000000402670                srand@@GLIBC_2.2.5
                0x0000000000402680                memcmp@@GLIBC_2.2.5
                0x0000000000402690                fgets@@GLIBC_2.2.5
                0x00000000004026a0                _setjmp@@GLIBC_2.2.5
                0x00000000004026b0                clock_getcpuclockid@@GLIBC_2.17
                0x00000000004026c0                strcmp@@GLIBC_2.2.5
                0x00000000004026d0                beep
                0x00000000004026e0                signal@@GLIBC_2.2.5
                0x00000000004026f0                pair_content
                0x0000000000402700                fprintf@@GLIBC_2.2.5
                0x0000000000402710                feof@@GLIBC_2.2.5
                0x0000000000402720                fopen64@@GLIBC_2.2.5
                0x0000000000402730                getcchar
                0x0000000000402740                getmouse
                0x0000000000402750                mbtowc@@GLIBC_2.2.5
                0x0000000000402760                freopen64@@GLIBC_2.2.5
                0x0000000000402770                memcpy@@GLIBC_2.14
                0x0000000000402780                halfdelay
                0x0000000000402790                kill@@GLIBC_2.2.5
                0x00000000004027a0                time@@GLIBC_2.2.5
                0x00000000004027b0                fileno@@GLIBC_2.2.5
                0x00000000004027c0                select@@GLIBC_2.2.5
                0x00000000004027d0                malloc@@GLIBC_2.2.5
                0x00000000004027e0                fflush@@GLIBC_2.2.5
                0x00000000004027f0                sscanf@@GLIBC_2.2.5
                0x0000000000402800                regexec@@GLIBC_2.3.4
                0x0000000000402810                hsearch_r@@GLIBC_2.2.5
                0x0000000000402820                setlocale@@GLIBC_2.2.5
                0x0000000000402830                sigset@@GLIBC_2.2.5
                0x0000000000402840                longjmp@@GLIBC_2.2.5
                0x0000000000402850                open64@@GLIBC_2.2.5
                0x0000000000402860                strftime@@GLIBC_2.2.5
                0x0000000000402870                memmove@@GLIBC_2.2.5
                0x0000000000402880                scrollok
                0x0000000000402890                mbsnrtowcs@@GLIBC_2.2.5
                0x00000000004028a0                readdir64@@GLIBC_2.2.5
                0x00000000004028b0                endwin
                0x00000000004028c0                wgetch
                0x00000000004028d0                wclear
                0x00000000004028e0                waitpid@@GLIBC_2.2.5
                0x00000000004028f0                wctomb@@GLIBC_2.2.5
                0x0000000000402900                popen@@GLIBC_2.2.5
                0x0000000000402910                strtok@@GLIBC_2.2.5
                0x0000000000402920                hcreate_r@@GLIBC_2.2.5
                0x0000000000402930                hdestroy_r@@GLIBC_2.2.5
                0x0000000000402940                noecho
                0x0000000000402950                euidaccess@@GLIBC_2.2.5
                0x0000000000402960                execvp@@GLIBC_2.2.5
                0x0000000000402970                strcat@@GLIBC_2.2.5
                0x0000000000402980                sprintf@@GLIBC_2.2.5
                0x0000000000402990                exit@@GLIBC_2.2.5
                0x00000000004029a0                fwrite@@GLIBC_2.2.5
                0x00000000004029b0                lseek64@@GLIBC_2.2.5
                0x00000000004029c0                win_wch
                0x00000000004029d0                wmove
                0x00000000004029e0                wscrl
                0x00000000004029f0                fork@@GLIBC_2.2.5
                0x0000000000402a00                strstr@@GLIBC_2.2.5
                0x0000000000402a10                rand@@GLIBC_2.2.5
                0x0000000000402a20                usleep@@GLIBC_2.2.5
 *(.iplt)
 .iplt          0x0000000000402a30        0x0 /usr/lib/gcc/x86_64-redhat-linux/7/../../../../lib64/crt1.o

.plt.got        0x0000000000402a30        0x0
 *(.plt.got)
 .plt.got       0x0000000000402a30        0x0 /usr/lib/gcc/x86_64-redhat-linux/7/../../../../lib64/crt1.o

.plt.sec
 *(.plt.sec)

.text           0x0000000000402a30    0x24e00
 *(.text.unlikely .text.*_unlikely .text.unlikely.*)
 *(.text.exit .text.exit.*)
 *(.text.startup .text.startup.*)
 *(.text.hot .text.hot.*)
 *(.text .stub .text.* .gnu.linkonce.t.*)
 .text          0x0000000000402a30       0x2b /usr/lib/gcc/x86_64-redhat-linux/7/../../../../lib64/crt1.o
                0x0000000000402a30                _start
 .text          0x0000000000402a5b        0x0 /usr/lib/gcc/x86_64-redhat-linux/7/../../../../lib64/crti.o
 *fill*         0x0000000000402a5b        0x5 
 .text          0x0000000000402a60       0xa7 /usr/lib/gcc/x86_64-redhat-linux/7/crtbegin.o
 .text          0x0000000000402b07    0x24c91 /tmp/ccBUPclX.o
                0x0000000000402b07                TidyUp
                0x0000000000402b65                main
                0x0000000000402c05                InitializeEditor
                0x0000000000403d21                StartEdit
                0x0000000000403fe2                InteractiveEditor
                0x0000000000404430                JOT_Sequence
                0x0000000000405c71                JOT_Block
                0x0000000000405cf9                Run_Sequence
                0x000000000040f472                Run_Block
                0x000000000040f4fd                ExitNormally
                0x000000000040f695                PushInt
                0x000000000040f720                PushFloat
                0x000000000040f7ae                PushBuf
                0x000000000040f839                PopInt
                0x000000000040f8dd                PopFloat
                0x000000000040f980                KillTop
                0x000000000040fa37                SearchStackForBuf
                0x000000000040faa0                TransCtrlChrs
                0x000000000040fb66                DumpStack
                0x000000000040feec                FreeRecord
                0x0000000000410270                FreeBuffer
                0x00000000004103db                FreeBufferThings
                0x000000000041067a                CheckChildBuffers
                0x00000000004107a4                CheckCircularHier
                0x000000000041086a                DuplicateRecord
                0x00000000004108d3                CheckBufferKey
                0x00000000004108fc                JotMalloc
                0x0000000000410939                GetBuffer
                0x0000000000410b65                ClearBuffer
                0x0000000000410d1e                CopyBuffer
                0x0000000000410f97                GetRecord
                0x00000000004110bb                AddTag
                0x000000000041111d                Abstract
                0x00000000004116df                MoveRecord
                0x0000000000411a0b                BreakRecord
                0x0000000000411c84                JoinRecords
                0x0000000000411ecc                SearchRecord
                0x0000000000412191                RegexSearchBuffer
                0x000000000041269f                SubstituteString
                0x0000000000412ac6                CheckNextCommand
                0x0000000000412b11                StealCharacter
                0x0000000000412b8f                NextNonBlank
                0x0000000000412c46                ImmediateCharacter
                0x0000000000412cab                ChrUpper
                0x0000000000412ccf                VerifyNonBlank
                0x0000000000412d6a                VerifyKey
                0x0000000000412d9d                VerifyDigits
                0x0000000000412de1                VerifyAlpha
                0x0000000000412e27                VerifyCharacter
                0x0000000000412e69                GetDec
                0x0000000000412f69                GetOct
                0x0000000000413053                GetHex
                0x0000000000413100                GetFormatted
                0x000000000041318a                ClearRecord
                0x00000000004131ba                ResetBuffer
                0x00000000004131f5                SetPointer
                0x0000000000413218                AdvanceRecord
                0x0000000000413302                ShiftRight
                0x00000000004135ba                DumpCommand
                0x0000000000413981                FreeCommand
                0x0000000000413a2f                FreeSequence
                0x0000000000413ac5                FreeBlock
                0x0000000000413b08                GetArg
                0x0000000000413ba9                GetBreakArg
                0x0000000000413c02                AddIntArg
                0x0000000000413c8b                AddFloatArg
                0x0000000000413d17                AddBlock
                0x0000000000413da0                AddStringArg
                0x00000000004140b2                AddPercentArg
                0x00000000004143c6                FetchIntArg
                0x0000000000414438                FetchFloatArg
                0x00000000004144ac                FetchBlock
                0x0000000000414525                CompareRecs
                0x00000000004145e7                CompareRecsTab
                0x0000000000414828                Swap
                0x000000000041489e                Quicksort
                0x00000000004149cd                QuicksortTab
                0x0000000000414ae9                ParseSort
                0x0000000000414ee2                AddFormattedRecord
                0x00000000004150aa                QuerySomething
                0x0000000000419469                GetBufferPath
                0x00000000004195ab                BinCmp
                0x0000000000419601                Backtrace
                0x0000000000419e82                FetchStringArg
                0x000000000041a0fc                ExpandDeferredString
                0x000000000041a590                ChangeWindows
                0x000000000041b77e                InitTermTable
                0x000000000041b95b                AnalyzeTabs
                0x000000000041bc3d                MoveDown
                0x000000000041bd09                GetChrNo
                0x000000000041c09a                JotRefresh
                0x000000000041c0af                WriteString
                0x000000000041d315                JotUpdateWindow
                0x000000000041e5a7                UpdateJournal
                0x000000000041e695                ReadBuffer
                0x000000000041edb7                ReadUnbufferedStreamRec
                0x000000000041f4e7                TestAsyncPipe
                0x000000000041f5ba                AsyncReadRecs
                0x000000000041f7d7                ReadNewRecord
                0x000000000041fbaf                ReadString
                0x000000000041fc45                JotGetCh
                0x0000000000420002                DoublePopen
                0x000000000042039c                BinFind
                0x000000000042041f                ReadCommand
                0x0000000000420e4d                TransEscapeSequence
                0x00000000004215c0                Ctrl_C_Interrupt
                0x00000000004217ce                ExpandEnv
                0x0000000000421959                IsAFile
                0x00000000004219a4                CrossmatchPathnames
                0x0000000000421f84                NewCommandFile
                0x00000000004220e1                EndCommandFile
                0x000000000042223c                SwitchToComFile
                0x0000000000422a92                JotDeleteChr
                0x0000000000422ac1                JotStrlenBytes
                0x0000000000422b2c                JotStrlenChrs
                0x0000000000422bc4                JotBytesInChEndr
                0x0000000000422c2e                JotInsertChr
                0x0000000000422cab                JotAddChr
                0x0000000000422db3                JotAddBoundedString
                0x00000000004231d5                JotAddString
                0x00000000004232e9                JotClrToEndOfSlice
                0x000000000042335c                JotClearToEOL
                0x0000000000423372                JotSetAttr
                0x00000000004233a3                ScrollConsole
                0x000000000042352d                JotScroll
                0x0000000000423776                JotGotoXY
                0x00000000004237b3                SynError
                0x00000000004238d3                RunError
                0x0000000000423ac1                Fail
                0x0000000000423c6a                Message
                0x0000000000423dd4                JotDebug
                0x0000000000423f3a                Prompt
                0x0000000000424042                CommandPrompt
                0x000000000042414a                PriorityPrompt
                0x0000000000424263                DisplaySource
                0x000000000042451b                DisplayDiag
                0x0000000000424bff                JotTrace
                0x0000000000424ec3                JotBreak
                0x000000000042519c                Disaster
                0x00000000004252be                JotTidyUp
                0x000000000042564b                DoHash
                0x0000000000426d2b                DestroyHtab
                0x0000000000426eb0                Zombify
                0x0000000000426ff5                FreeTarget
                0x000000000042708f                FreeTag
                0x0000000000427134                QueryKey
                0x00000000004272b8                QueryPath
                0x000000000042743f                QueryData
                0x000000000042756a                QuerySection
                0x0000000000427681                QueryFSection
 *fill*         0x0000000000427798        0x8 
 .text          0x00000000004277a0       0x72 /usr/lib64/libc_nonshared.a(elf-init.oS)
                0x00000000004277a0                __libc_csu_init
                0x0000000000427810                __libc_csu_fini
 *fill*         0x0000000000427812        0xe 
 .text          0x0000000000427820       0x10 /usr/lib64/libc_nonshared.a(stat64.oS)
                0x0000000000427820                stat64
 .text          0x0000000000427830        0x0 /usr/lib/gcc/x86_64-redhat-linux/7/crtend.o
 .text          0x0000000000427830        0x0 /usr/lib/gcc/x86_64-redhat-linux/7/../../../../lib64/crtn.o
 *(.gnu.warning)

.fini           0x0000000000427830        0x9
 *(SORT(.fini))
 .fini          0x0000000000427830        0x4 /usr/lib/gcc/x86_64-redhat-linux/7/../../../../lib64/crti.o
                0x0000000000427830                _fini
 .fini          0x0000000000427834        0x5 /usr/lib/gcc/x86_64-redhat-linux/7/../../../../lib64/crtn.o
                [!provide]                        PROVIDE (__etext, .)
                [!provide]                        PROVIDE (_etext, .)
                [!provide]                        PROVIDE (etext, .)

.rodata         0x0000000000427840     0x5a98
 *(.rodata .rodata.* .gnu.linkonce.r.*)
 .rodata.cst4   0x0000000000427840        0x4 /usr/lib/gcc/x86_64-redhat-linux/7/../../../../lib64/crt1.o
                0x0000000000427840                _IO_stdin_used
 *fill*         0x0000000000427844        0x4 
 .rodata        0x0000000000427848        0x8 /usr/lib/gcc/x86_64-redhat-linux/7/crtbegin.o
                0x0000000000427848                __dso_handle
 .rodata        0x0000000000427850     0x5a88 /tmp/ccBUPclX.o

.rodata1
 *(.rodata1)

.eh_frame_hdr   0x000000000042d2d8      0x4e4
 *(.eh_frame_hdr)
 .eh_frame_hdr  0x000000000042d2d8      0x4e4 /usr/lib/gcc/x86_64-redhat-linux/7/../../../../lib64/crt1.o
                0x000000000042d2d8                __GNU_EH_FRAME_HDR
 *(.eh_frame_entry .eh_frame_entry.*)

.eh_frame       0x000000000042d7c0     0x1410
 *(.eh_frame)
 .eh_frame      0x000000000042d7c0       0x30 /usr/lib/gcc/x86_64-redhat-linux/7/../../../../lib64/crt1.o
                                         0x2c (size before relaxing)
 *fill*         0x000000000042d7f0        0x0 
 .eh_frame      0x000000000042d7f0       0x40 /usr/lib/gcc/x86_64-redhat-linux/7/../../../../lib64/crt1.o
 .eh_frame      0x000000000042d830        0x0 /usr/lib/gcc/x86_64-redhat-linux/7/../../../../lib64/crt1.o
 .eh_frame      0x000000000042d830     0x1328 /tmp/ccBUPclX.o
                                       0x1340 (size before relaxing)
 .eh_frame      0x000000000042eb58       0x60 /usr/lib64/libc_nonshared.a(elf-init.oS)
                                         0x78 (size before relaxing)
 .eh_frame      0x000000000042ebb8       0x14 /usr/lib64/libc_nonshared.a(stat64.oS)
                                         0x30 (size before relaxing)
 .eh_frame      0x000000000042ebcc        0x4 /usr/lib/gcc/x86_64-redhat-linux/7/crtend.o
 *(.eh_frame.*)

.gcc_except_table
 *(.gcc_except_table .gcc_except_table.*)

.gnu_extab
 *(.gnu_extab*)

.exception_ranges
 *(.exception_ranges .exception_ranges*)
                0x000000000062edd0                . = DATA_SEGMENT_ALIGN (CONSTANT (MAXPAGESIZE), CONSTANT (COMMONPAGESIZE))

.eh_frame
 *(.eh_frame)
 *(.eh_frame.*)

.gnu_extab
 *(.gnu_extab)

.gcc_except_table
 *(.gcc_except_table .gcc_except_table.*)

.exception_ranges
 *(.exception_ranges .exception_ranges*)

.tdata
 *(.tdata .tdata.* .gnu.linkonce.td.*)

.tbss
 *(.tbss .tbss.* .gnu.linkonce.tb.*)
 *(.tcommon)

.preinit_array  0x000000000062edd0        0x0
                [!provide]                        PROVIDE (__preinit_array_start, .)
 *(.preinit_array)
                [!provide]                        PROVIDE (__preinit_array_end, .)

.init_array     0x000000000062edd0        0x8
                0x000000000062edd0                PROVIDE (__init_array_start, .)
 *(SORT(.init_array.*) SORT(.ctors.*))
 *(.init_array EXCLUDE_FILE(*crtend?.o *crtend.o *crtbegin?.o *crtbegin.o) .ctors)
 .init_array    0x000000000062edd0        0x8 /usr/lib/gcc/x86_64-redhat-linux/7/crtbegin.o
                0x000000000062edd8                PROVIDE (__init_array_end, .)

.fini_array     0x000000000062edd8        0x8
                [!provide]                        PROVIDE (__fini_array_start, .)
 *(SORT(.fini_array.*) SORT(.dtors.*))
 *(.fini_array EXCLUDE_FILE(*crtend?.o *crtend.o *crtbegin?.o *crtbegin.o) .dtors)
 .fini_array    0x000000000062edd8        0x8 /usr/lib/gcc/x86_64-redhat-linux/7/crtbegin.o
                [!provide]                        PROVIDE (__fini_array_end, .)

.ctors
 *crtbegin.o(.ctors)
 *crtbegin?.o(.ctors)
 *(EXCLUDE_FILE(*crtend?.o *crtend.o) .ctors)
 *(SORT(.ctors.*))
 *(.ctors)

.dtors
 *crtbegin.o(.dtors)
 *crtbegin?.o(.dtors)
 *(EXCLUDE_FILE(*crtend?.o *crtend.o) .dtors)
 *(SORT(.dtors.*))
 *(.dtors)

.jcr
 *(.jcr)

.data.rel.ro    0x000000000062ede0        0x0
 *(.data.rel.ro.local* .gnu.linkonce.d.rel.ro.local.*)
 *(.data.rel.ro .data.rel.ro.* .gnu.linkonce.d.rel.ro.*)
 .data.rel.ro   0x000000000062ede0        0x0 /usr/lib/gcc/x86_64-redhat-linux/7/../../../../lib64/crt1.o

.dynamic        0x000000000062ede0      0x210
 *(.dynamic)
 .dynamic       0x000000000062ede0      0x210 /usr/lib/gcc/x86_64-redhat-linux/7/../../../../lib64/crt1.o
                0x000000000062ede0                _DYNAMIC

.got            0x000000000062eff0       0x10
 *(.got)
 .got           0x000000000062eff0       0x10 /usr/lib/gcc/x86_64-redhat-linux/7/../../../../lib64/crt1.o
 *(.igot)
                0x000000000062ffe8                . = DATA_SEGMENT_RELRO_END (., (SIZEOF (.got.plt) >= 0x18)?0x18:0x0)

.got.plt        0x000000000062f000      0x400
 *(.got.plt)
 .got.plt       0x000000000062f000      0x400 /usr/lib/gcc/x86_64-redhat-linux/7/../../../../lib64/crt1.o
                0x000000000062f000                _GLOBAL_OFFSET_TABLE_
 *(.igot.plt)
 .igot.plt      0x000000000062f400        0x0 /usr/lib/gcc/x86_64-redhat-linux/7/../../../../lib64/crt1.o

.data           0x000000000062f400       0x2c
 *(.data .data.* .gnu.linkonce.d.*)
 .data          0x000000000062f400        0x4 /usr/lib/gcc/x86_64-redhat-linux/7/../../../../lib64/crt1.o
                0x000000000062f400                data_start
                0x000000000062f400                __data_start
 .data          0x000000000062f404        0x0 /usr/lib/gcc/x86_64-redhat-linux/7/../../../../lib64/crti.o
 .data          0x000000000062f404        0x0 /usr/lib/gcc/x86_64-redhat-linux/7/crtbegin.o
 *fill*         0x000000000062f404        0x4 
 .data          0x000000000062f408       0x24 /tmp/ccBUPclX.o
 .data          0x000000000062f42c        0x0 /usr/lib64/libc_nonshared.a(elf-init.oS)
 .data          0x000000000062f42c        0x0 /usr/lib64/libc_nonshared.a(stat64.oS)
 .data          0x000000000062f42c        0x0 /usr/lib/gcc/x86_64-redhat-linux/7/crtend.o
 .data          0x000000000062f42c        0x0 /usr/lib/gcc/x86_64-redhat-linux/7/../../../../lib64/crtn.o

.tm_clone_table
                0x000000000062f430        0x0
 .tm_clone_table
                0x000000000062f430        0x0 /usr/lib/gcc/x86_64-redhat-linux/7/crtbegin.o
 .tm_clone_table
                0x000000000062f430        0x0 /usr/lib/gcc/x86_64-redhat-linux/7/crtend.o

.data1
 *(.data1)
                0x000000000062f430                _edata = .
                [!provide]                        PROVIDE (edata, .)
                0x000000000062f430                . = .
                0x000000000062f430                __bss_start = .

.bss            0x000000000062f440     0x1bb8
 *(.dynbss)
 .dynbss        0x000000000062f440       0x48 /usr/lib/gcc/x86_64-redhat-linux/7/../../../../lib64/crt1.o
                0x000000000062f440                stdout@@GLIBC_2.2.5
                0x000000000062f450                stdin@@GLIBC_2.2.5
                0x000000000062f458                COLOR_PAIRS
                0x000000000062f460                stdscr
                0x000000000062f480                stderr@@GLIBC_2.2.5
 *(.bss .bss.* .gnu.linkonce.b.*)
 .bss           0x000000000062f488        0x0 /usr/lib/gcc/x86_64-redhat-linux/7/../../../../lib64/crt1.o
 .bss           0x000000000062f488        0x0 /usr/lib/gcc/x86_64-redhat-linux/7/../../../../lib64/crti.o
 .bss           0x000000000062f488        0x1 /usr/lib/gcc/x86_64-redhat-linux/7/crtbegin.o
 *fill*         0x000000000062f489       0x17 
 .bss           0x000000000062f4a0     0x1ab2 /tmp/ccBUPclX.o
                0x000000000062f4a0                s_OnKey
                0x000000000062f4a8                s_TopAsyncFD
 .bss           0x0000000000630f52        0x0 /usr/lib64/libc_nonshared.a(elf-init.oS)
 .bss           0x0000000000630f52        0x0 /usr/lib64/libc_nonshared.a(stat64.oS)
 .bss           0x0000000000630f52        0x0 /usr/lib/gcc/x86_64-redhat-linux/7/crtend.o
 .bss           0x0000000000630f52        0x0 /usr/lib/gcc/x86_64-redhat-linux/7/../../../../lib64/crtn.o
 *(COMMON)
 *fill*         0x0000000000630f52        0xe 
 COMMON         0x0000000000630f60       0x92 /tmp/ccBUPclX.o
                0x0000000000630f60                s_AsyncFDs
                0x0000000000630fe0                s_FirstAsyncBuf
                0x0000000000630fe8                s_CurrentBuf
                0x0000000000630ff0                s_NextColourPair
                0x0000000000630ff8                . = ALIGN ((. != 0x0)?0x8:0x1)
 *fill*         0x0000000000630ff2        0x6 

.lbss
 *(.dynlbss)
 *(.lbss .lbss.* .gnu.linkonce.lb.*)
 *(LARGE_COMMON)
                0x0000000000630ff8                . = ALIGN (0x8)
                0x0000000000630ff8                . = SEGMENT_START ("ldata-segment", .)

.lrodata
 *(.lrodata .lrodata.* .gnu.linkonce.lr.*)

.ldata          0x0000000000a30ff8        0x0
 *(.ldata .ldata.* .gnu.linkonce.l.*)
                0x0000000000a30ff8                . = ALIGN ((. != 0x0)?0x8:0x1)
                0x0000000000a30ff8                . = ALIGN (0x8)
                0x0000000000a30ff8                _end = .
                [!provide]                        PROVIDE (end, .)
                0x0000000000a30ff8                . = DATA_SEGMENT_END (.)

.stab
 *(.stab)

.stabstr
 *(.stabstr)

.stab.excl
 *(.stab.excl)

.stab.exclstr
 *(.stab.exclstr)

.stab.index
 *(.stab.index)

.stab.indexstr
 *(.stab.indexstr)

.comment        0x0000000000000000       0x58
 *(.comment)
 .comment       0x0000000000000000       0x2c /usr/lib/gcc/x86_64-redhat-linux/7/../../../../lib64/crt1.o
                                         0x2d (size before relaxing)
 .comment       0x000000000000002c       0x2c /usr/lib/gcc/x86_64-redhat-linux/7/crtbegin.o
                                         0x2d (size before relaxing)
 .comment       0x0000000000000058       0x2d /tmp/ccBUPclX.o
 .comment       0x0000000000000058       0x2d /usr/lib64/libc_nonshared.a(elf-init.oS)
 .comment       0x0000000000000058       0x2d /usr/lib64/libc_nonshared.a(stat64.oS)
 .comment       0x0000000000000058       0x2d /usr/lib/gcc/x86_64-redhat-linux/7/crtend.o

.debug
 *(.debug)

.line
 *(.line)

.debug_srcinfo
 *(.debug_srcinfo)

.debug_sfnames
 *(.debug_sfnames)

.debug_aranges  0x0000000000000000       0x30
 *(.debug_aranges)
 .debug_aranges
                0x0000000000000000       0x30 /tmp/ccBUPclX.o

.debug_pubnames
 *(.debug_pubnames)

.debug_info     0x0000000000000000     0xb465
 *(.debug_info .gnu.linkonce.wi.*)
 .debug_info    0x0000000000000000     0xb465 /tmp/ccBUPclX.o

.debug_abbrev   0x0000000000000000      0x38c
 *(.debug_abbrev)
 .debug_abbrev  0x0000000000000000      0x38c /tmp/ccBUPclX.o

.debug_line     0x0000000000000000     0x53a4
 *(.debug_line .debug_line.* .debug_line_end)
 .debug_line    0x0000000000000000     0x53a4 /tmp/ccBUPclX.o

.debug_frame
 *(.debug_frame)

.debug_str      0x0000000000000000     0x326c
 *(.debug_str)
 .debug_str     0x0000000000000000     0x326c /tmp/ccBUPclX.o
                                       0x37b7 (size before relaxing)

.debug_loc
 *(.debug_loc)

.debug_macinfo
 *(.debug_macinfo)

.debug_weaknames
 *(.debug_weaknames)

.debug_funcnames
 *(.debug_funcnames)

.debug_typenames
 *(.debug_typenames)

.debug_varnames
 *(.debug_varnames)

.debug_pubtypes
 *(.debug_pubtypes)

.debug_ranges   0x0000000000000000     0x1660
 *(.debug_ranges)
 .debug_ranges  0x0000000000000000     0x1660 /tmp/ccBUPclX.o

.debug_macro
 *(.debug_macro)

.debug_addr
 *(.debug_addr)

.gnu.attributes
 *(.gnu.attributes)

/DISCARD/
 *(.note.GNU-stack)
 *(.gnu_debuglink)
 *(.gnu.lto_*)
 *(.gnu_object_only)
OUTPUT(bin/jot_dev elf64-x86-64)
