Key   Unmodified   Shift+  Control+  Alt+
---   ----------   ------  --------  ----
F1           03B      054       05E   068
F2           03C      055       05F   069
F3           03D                060   06A
F4           03E      057       061   06B
  
F5           03F      058       062   06C
F6           040      059       063   06D
F7           041      05A       064   06E
F8           042      05B       065   06F
  
F9           043      05C       066   070
F10          044      05D       067   071
F11          085      087       089   08B
F12          086      088       08A   08C
  
Insert       E52      E52       E92   0A2
Home         E47      E47       E77   097
PageUp       E49      E49       E84   099
Delete       E53      E53       E93   0A3
End          E4F      E4F       E75   09F
PageDown     E51      E51       E76   0A1
  
UpArrow      E48      E48       E8D   098
LeftArrow    E4B      E4B       E73   09B
DownArrow    E50      E50       E91   0A0
RightArrow   E4D      E4D       E74   09D
  
/            2E0      2E0       095   0A4
*            237      237       096   037
-            24A      24A       08E   04A
7            047      347       077 
8            048      348       08D 
9            049      349       084 
+            24E      24E       090   04E
4            04B      34B       073 
5            04C      34C       08F 
6            04D      34D       074 
1            04F      34F       075 
2            050      350       091 
3            051      351       076 
Enter        0E0      0E0       0E0 
0            052      352       092 
.            053      253       093 
  
