Test 13, part 1: A {Ctrl+c} interrupt of a loop.
1 :abcdefghijklmnopqrstuvwxyz
2 :ABCDEFGHIJKLMNOPQRSTUVWXYZ
3[ ]:1234567890
4 :Test file for jonathans wonderful editor.
5 :aaaaaaaaaaaaaaaaaaaaaaaaaaaaaaaaaaaaaaaaaaaaaaaaaaaaaaaaaaaaaaaaa
6 :bbbbbbbbbbbbbbbbbbbbbbbbbbbbbbbbbbbbbbbbbbbbbbbbbbbbbbbbbbbbbbbbb
7 :qwertyuiop[]
8 :asdgfghjkl;'
9 :zxcvbnm,./
10:<>\|~!@#$%^&*()_+-=

Test13, part 2: The <<Debugger on> line is separated from the t command line by some other gumph (in this case an OP report) in the history file.1 :abcdefghijklmnopqrstuvwxyz
2 :ABCDEFGHIJKLMNOPQRSTUVWXYZ
 [:]1234567890
4 :Test file for jonathans wonderful editor.
5 :aaaaaaaaaaaaaaaaaaaaaaaaaaaaaaaaaaaaaaaaaaaaaaaaaaaaaaaaaaaaaaaaa
6 :bbbbbbbbbbbbbbbbbbbbbbbbbbbbbbbbbbbbbbbbbbbbbbbbbbbbbbbbbbbbbbbbb
7 :qwertyuiop[]
8 :asdgfghjkl;'
9 :zxcvbnm,./
10:<>\|~!@#$%^&*()_+-=
